// Jest Snapshot v1, https://jestjs.io/docs/snapshot-testing

exports[`Parser escaped code 1`] = `
"<pre><code>code
</code></pre>"
`;

exports[`Parser invalid block token type silent 1`] = `""`;

exports[`Parser invalid inline token type silent 1`] = `""`;

exports[`Parser multiple text tokens 1`] = `
"<p>text
text2</p>"
`;
